<h1>Exercise 1</h1>
<p>Exercise 1 shows how exercises are composed, it's not a <em>real</em> exercise.</p>
<h3>Question Composition</h3>
<table>
<tr><td >easy üå∂Ô∏è</td><td>2</td></tr>
<tr><td >medium üå∂Ô∏èüå∂Ô∏è</td><td>2</td></tr>
</table>
<form id=question-link3 class="difficulty-easy">
<h2>The <code>print</code> command</h2>
<p>What does this program output?</p>
<pre><code class="language-evy">print "hi print hi"
</code></pre>
<p>Choose one correct answer:</p>
<fieldset>
<div>
<label for="a">a</label>
<input type="radio" value="a" name="answer" />
<pre><code>hi
</code></pre>
</div>
<div>
<label for="b">b</label>
<input type="radio" value="b" name="answer" />
<pre><code>print hi
</code></pre>
</div>
<div>
<label for="c">c</label>
<input type="radio" value="c" name="answer" />
<pre><code>print hi
</code></pre>
</div>
<div>
<label for="d">d</label>
<input type="radio" value="d" name="answer" />
<pre><code>hi print hi
</code></pre>
</div>
</fieldset>
</form>
<form id=question-link4 class="difficulty-easy">
<h2>The <code>print</code> command</h2>
<p>Which program generates the following text output?</p>
<pre><code>print hi
</code></pre>
<p>Choose two correct answers:</p>
<fieldset>
<div>
<label for="a">a</label>
<input type="checkbox" value="a" name="answer" />
<pre><code class="language-evy">print "hi"
</code></pre>
</div>
<div>
<label for="b">b</label>
<input type="checkbox" value="b" name="answer" />
<pre><code class="language-evy">print "print hi"
</code></pre>
</div>
<div>
<label for="c">c</label>
<input type="checkbox" value="c" name="answer" />
<pre><code class="language-evy">print "print" "hi"
</code></pre>
</div>
<div>
<label for="d">d</label>
<input type="checkbox" value="d" name="answer" />
<pre><code class="language-evy">print "hi print hi"
</code></pre>
</div>
</fieldset>
</form>
<form id=question1-sealed class="difficulty-easy">
<h2>The <code>print</code> command</h2>
<p>What does this program output?</p>
<pre><code class="language-evy">print &quot;hi&quot;
</code></pre>
<p>Choose one correct answer:</p>
<fieldset>
<div>
<label for="a">a</label>
<input type="radio" value="a" name="answer" />
<pre><code>&quot;hey&quot;
</code></pre>
</div>
<div>
<label for="b">b</label>
<input type="radio" value="b" name="answer" />
<pre><code>ho
</code></pre>
</div>
<div>
<label for="c">c</label>
<input type="radio" value="c" name="answer" />
<pre><code>hi
</code></pre>
</div>
<div>
<label for="d">d</label>
<input type="radio" value="d" name="answer" />
<pre><code>&quot;hi&quot;
</code></pre>
</div>
</fieldset>
</form>
<form id=question1 class="difficulty-easy">
<h2>The <code>print</code> command</h2>
<p>What does this program output?</p>
<pre><code class="language-evy">print &quot;hi&quot;
</code></pre>
<p>Choose one correct answer:</p>
<fieldset>
<div>
<label for="a">a</label>
<input type="radio" value="a" name="answer" />
<code>&quot;hey&quot;</code></div>
<div>
<label for="b">b</label>
<input type="radio" value="b" name="answer" />
<code>ho</code></div>
<div>
<label for="c">c</label>
<input type="radio" value="c" name="answer" />
<code>hi</code></div>
<div>
<label for="d">d</label>
<input type="radio" value="d" name="answer" />
<code>&quot;hi&quot;</code></div>
</fieldset>
</form>
<form id=question2 class="difficulty-easy">
<h2>The <code>print</code> command</h2>
<p>Which program generates the following output?</p>
<pre><code>hi
</code></pre>
<p>Choose one correct answer:</p>
<fieldset>
<div>
<label for="a">a</label>
<input type="radio" value="a" name="answer" />
<pre><code class="language-evy">print &quot;hi&quot;
</code></pre>
</div>
<div>
<label for="b">b</label>
<input type="radio" value="b" name="answer" />
<pre><code class="language-evy">print hi
</code></pre>
</div>
<div>
<label for="c">c</label>
<input type="radio" value="c" name="answer" />
<pre><code class="language-evy">hi
</code></pre>
</div>
<div>
<label for="d">d</label>
<input type="radio" value="d" name="answer" />
<pre><code class="language-evy">&quot;hi&quot;
</code></pre>
</div>
</fieldset>
</form>
<form id=question-img1 class="difficulty-medium">
<h2>Understanding sequence: <code>move</code>, <code>color</code>, <code>circle</code> commands</h2>
<p>What does this program output?</p>
<pre><code class="language-evy">move 50 50
color &quot;red&quot;
circle 20
</code></pre>
<p>Choose one correct answer:</p>
<fieldset>
<div>
<label for="a">a</label>
<input type="radio" value="a" name="answer" />
<svg stroke="black" stroke-linecap="round" font-size="60" viewBox="0 0 1000 1000" xmlns="http://www.w3.org/2000/svg">
  <rect fill="white" stroke="white" x="0" y="0" width="100%" height="100%"></rect>
  <circle fill="red" stroke="red" cx="500" cy="500" r="100"></circle>
</svg>
</div>
<div>
<label for="b">b</label>
<input type="radio" value="b" name="answer" />
<svg stroke="black" stroke-linecap="round" font-size="60" viewBox="0 0 1000 1000" xmlns="http://www.w3.org/2000/svg">
  <rect fill="white" stroke="white" x="0" y="0" width="100%" height="100%"></rect>
  <circle fill="red" stroke="red" cx="500" cy="500" r="200"></circle>
</svg>
</div>
<div>
<label for="c">c</label>
<input type="radio" value="c" name="answer" />
<svg stroke="black" stroke-linecap="round" font-size="60" viewBox="0 0 1000 1000" xmlns="http://www.w3.org/2000/svg">
  <rect fill="white" stroke="white" x="0" y="0" width="100%" height="100%"></rect>
  <circle fill="red" stroke="red" cx="400" cy="600" r="200"></circle>
</svg>
</div>
<div>
<label for="d">d</label>
<input type="radio" value="d" name="answer" />
<svg stroke="black" stroke-linecap="round" font-size="60" viewBox="0 0 1000 1000" xmlns="http://www.w3.org/2000/svg">
  <rect fill="white" stroke="white" x="0" y="0" width="100%" height="100%"></rect>
  <circle fill="red" stroke="red" cx="600" cy="400" r="100"></circle>
</svg>
</div>
</fieldset>
</form>
<form id=question-img2 class="difficulty-medium">
<h2>Understanding sequence: <code>move</code>, <code>color</code>, <code>circle</code> commands</h2>
<p>Which program generates the following output?</p>
<svg stroke="black" stroke-linecap="round" font-size="60" viewBox="0 0 1000 1000" xmlns="http://www.w3.org/2000/svg">
  <rect fill="white" stroke="white" x="0" y="0" width="100%" height="100%"></rect>
  <circle fill="red" stroke="red" cx="500" cy="500" r="100"></circle>
</svg>
<p>Choose one correct answer:</p>
<fieldset>
<div>
<label for="a">a</label>
<input type="radio" value="a" name="answer" />
<pre><code class="language-evy">move 50 50
color &quot;red&quot;
circle 20
</code></pre>
</div>
<div>
<label for="b">b</label>
<input type="radio" value="b" name="answer" />
<pre><code class="language-evy">move 40 40
color &quot;red&quot;
circle 20
</code></pre>
</div>
<div>
<label for="c">c</label>
<input type="radio" value="c" name="answer" />
<pre><code class="language-evy">move 60 60
color &quot;red&quot;
circle 10
</code></pre>
</div>
<div>
<label for="d">d</label>
<input type="radio" value="d" name="answer" />
<pre><code class="language-evy">move 50 50
color &quot;red&quot;
circle 10
</code></pre>
</div>
</fieldset>
</form>
<form id=question-img3 class="difficulty-medium">
<h2>Understanding sequence: <code>move</code>, <code>color</code>, <code>circle</code> commands</h2>
<p>Adding an image here to ensure paths are resolved properly:</p>
<p><a href="dot/dot.a.evy.svg">some image</a></p>
<p>Which program generates the following output?</p>
<svg stroke="black" stroke-linecap="round" font-size="60" viewBox="0 0 1000 1000" xmlns="http://www.w3.org/2000/svg">
  <rect fill="white" stroke="white" x="0" y="0" width="100%" height="100%"></rect>
  <circle fill="red" stroke="red" cx="500" cy="500" r="100"></circle>
</svg>
<p>Choose one correct answer:</p>
<fieldset>
<div>
<label for="a">a</label>
<input type="radio" value="a" name="answer" />
<pre><code class="language-evy">move 50 50
color &quot;red&quot;
circle 20
</code></pre>
</div>
<div>
<label for="b">b</label>
<input type="radio" value="b" name="answer" />
<pre><code class="language-evy">move 40 40
color &quot;red&quot;
circle 20
</code></pre>
</div>
<div>
<label for="c">c</label>
<input type="radio" value="c" name="answer" />
<pre><code class="language-evy">move 60 60
color &quot;red&quot;
circle 10
</code></pre>
</div>
<div>
<label for="d">d</label>
<input type="radio" value="d" name="answer" />
<pre><code class="language-evy">move 50 50
color &quot;red&quot;
circle 10
</code></pre>
</div>
</fieldset>
</form>
<form id=question-link1 class="difficulty-medium">
<h2>Understanding sequence: <code>move</code>, <code>color</code>, <code>circle</code> commands</h2>
<p>Which program generates the following output?</p>
<svg stroke="black" stroke-linecap="round" font-size="60" viewBox="0 0 1000 1000" xmlns="http://www.w3.org/2000/svg">
  <rect fill="white" stroke="white" x="0" y="0" width="100%" height="100%"></rect>
  <circle fill="red" stroke="red" cx="400" cy="600" r="200"></circle>
</svg>
<p>... with a bit of surrounding text in next paragraph (inline not allowed).</p>
<p>Choose one correct answer:</p>
<fieldset>
<div>
<label for="a">a</label>
<input type="radio" value="a" name="answer" />
<pre><code class="language-evy">move 50 50
color "red"
circle 10
</code></pre>
</div>
<div>
<label for="b">b</label>
<input type="radio" value="b" name="answer" />
<pre><code class="language-evy">move 50 50
color "red"
circle 20
</code></pre>
</div>
<div>
<label for="c">c</label>
<input type="radio" value="c" name="answer" />
<pre><code class="language-evy">move 40 40
color "red"
circle 20
</code></pre>
</div>
<div>
<label for="d">d</label>
<input type="radio" value="d" name="answer" />
<pre><code class="language-evy">move 60 60
color "red"
circle 10
</code></pre>
</div>
</fieldset>
</form>
<form id=question-link2 class="difficulty-medium">
<h2>Understanding sequence: <code>move</code>, <code>color</code>, <code>circle</code> commands</h2>
<p>What does this program output?</p>
<pre><code class="language-evy">move 40 40
color "red"
circle 20
</code></pre>
<p>Choose one correct answer:</p>
<fieldset>
<div>
<label for="a">a</label>
<input type="radio" value="a" name="answer" />
<svg stroke="black" stroke-linecap="round" font-size="60" viewBox="0 0 1000 1000" xmlns="http://www.w3.org/2000/svg">
  <rect fill="white" stroke="white" x="0" y="0" width="100%" height="100%"></rect>
  <circle fill="red" stroke="red" cx="500" cy="500" r="100"></circle>
</svg>
</div>
<div>
<label for="b">b</label>
<input type="radio" value="b" name="answer" />
<svg stroke="black" stroke-linecap="round" font-size="60" viewBox="0 0 1000 1000" xmlns="http://www.w3.org/2000/svg">
  <rect fill="white" stroke="white" x="0" y="0" width="100%" height="100%"></rect>
  <circle fill="red" stroke="red" cx="500" cy="500" r="200"></circle>
</svg>
</div>
<div>
<label for="c">c</label>
<input type="radio" value="c" name="answer" />
<svg stroke="black" stroke-linecap="round" font-size="60" viewBox="0 0 1000 1000" xmlns="http://www.w3.org/2000/svg">
  <rect fill="white" stroke="white" x="0" y="0" width="100%" height="100%"></rect>
  <circle fill="red" stroke="red" cx="400" cy="600" r="200"></circle>
</svg>
</div>
<div>
<label for="d">d</label>
<input type="radio" value="d" name="answer" />
<svg stroke="black" stroke-linecap="round" font-size="60" viewBox="0 0 1000 1000" xmlns="http://www.w3.org/2000/svg">
  <rect fill="white" stroke="white" x="0" y="0" width="100%" height="100%"></rect>
  <circle fill="red" stroke="red" cx="600" cy="400" r="100"></circle>
</svg>
</div>
</fieldset>
</form>
