<form id=question-link2 class="difficulty-medium">
<h2>Understanding sequence: <code>move</code>, <code>color</code>, <code>circle</code> commands</h2>
<p>What does this program output?</p>
<pre><code class="language-evy">move 40 40
color "red"
circle 20
</code></pre>
<p>Choose one correct answer:</p>
<fieldset>
<div>
<label>a<input type="radio" value="a" name="answer" />
</label>
<svg stroke="black" stroke-linecap="round" font-size="60" viewBox="0 0 1000 1000" xmlns="http://www.w3.org/2000/svg">
  <rect fill="white" stroke="white" x="0" y="0" width="100%" height="100%"></rect>
  <circle fill="red" stroke="red" cx="500" cy="500" r="100"></circle>
</svg>
</div>
<div>
<label>b<input type="radio" value="b" name="answer" />
</label>
<svg stroke="black" stroke-linecap="round" font-size="60" viewBox="0 0 1000 1000" xmlns="http://www.w3.org/2000/svg">
  <rect fill="white" stroke="white" x="0" y="0" width="100%" height="100%"></rect>
  <circle fill="red" stroke="red" cx="500" cy="500" r="200"></circle>
</svg>
</div>
<div>
<label>c<input type="radio" value="c" name="answer" />
</label>
<svg stroke="black" stroke-linecap="round" font-size="60" viewBox="0 0 1000 1000" xmlns="http://www.w3.org/2000/svg">
  <rect fill="white" stroke="white" x="0" y="0" width="100%" height="100%"></rect>
  <circle fill="red" stroke="red" cx="400" cy="600" r="200"></circle>
</svg>
</div>
<div>
<label>d<input type="radio" value="d" name="answer" />
</label>
<svg stroke="black" stroke-linecap="round" font-size="60" viewBox="0 0 1000 1000" xmlns="http://www.w3.org/2000/svg">
  <rect fill="white" stroke="white" x="0" y="0" width="100%" height="100%"></rect>
  <circle fill="red" stroke="red" cx="600" cy="400" r="100"></circle>
</svg>
</div>
</fieldset>
</form>
