{
  "course1": {
    "unit1": {
      "exercise1": {
        "question-link2": {
          "single": "c"
        }
      }
    }
  }
}
