{
  "course1": {
    "unit1": {
      "exercise1": {
        "question-img2": {
          "single": "d"
        }
      }
    }
  }
}
