<form id=q-print-d class="difficulty-easy">
<h2>Understanding sequence: <code>print</code></h2>
<p>Which program generates the following output?</p>
<pre><code>hey
</code></pre>
<p>Choose one correct answer:</p>
<fieldset>
<div>
<label>a<input type="radio" value="a" name="answer" />
</label>
<pre><code class="language-evy">print "hi"
</code></pre>
</div>
<div>
<label>b<input type="radio" value="b" name="answer" checked />
</label>
<pre><code class="language-evy">print "hey"
</code></pre>
</div>
<div>
<label>c<input type="radio" value="c" name="answer" />
</label>
<pre><code class="language-evy">print "print hey"
</code></pre>
</div>
<div>
<label>d<input type="radio" value="d" name="answer" />
</label>
<pre><code class="language-evy">print "print hi"
</code></pre>
</div>
</fieldset>
</form>
