{
  "course1": {
    "unit1": {
      "exercise1": {
        "question-link4": {
          "multi": ["b", "c"]
        }
      }
    }
  }
}
