<form id=question1 class="difficulty-easy">
<h2>The <code>print</code> command</h2>
<p>What does this program output?</p>
<pre><code class="language-evy">print &quot;hi&quot;
</code></pre>
<p>Choose one correct answer:</p>
<fieldset>
<div>
<label>a<input type="radio" value="a" name="answer" />
</label>
<code>&quot;hey&quot;</code></div>
<div>
<label>b<input type="radio" value="b" name="answer" />
</label>
<code>ho</code></div>
<div>
<label>c<input type="radio" value="c" name="answer" checked />
</label>
<code>hi</code></div>
<div>
<label>d<input type="radio" value="d" name="answer" />
</label>
<code>&quot;hi&quot;</code></div>
</fieldset>
</form>
