<form id=question-link3 class="difficulty-easy">
<h2>The <code>print</code> command</h2>
<p>What does this program output?</p>
<pre><code class="language-evy">print "hi print hi"
</code></pre>
<p>Choose one correct answer:</p>
<fieldset>
<div>
<label>a<input type="radio" value="a" name="answer" />
</label>
<pre><code>hi
</code></pre>
</div>
<div>
<label>b<input type="radio" value="b" name="answer" />
</label>
<pre><code>print hi
</code></pre>
</div>
<div>
<label>c<input type="radio" value="c" name="answer" />
</label>
<pre><code>print hi
</code></pre>
</div>
<div>
<label>d<input type="radio" value="d" name="answer" checked />
</label>
<pre><code>hi print hi
</code></pre>
</div>
</fieldset>
</form>
