<form id=question2 class="difficulty-easy">
<h2>The <code>print</code> command</h2>
<p>Which program generates the following output?</p>
<pre><code>hi
</code></pre>
<p>Choose one correct answer:</p>
<fieldset>
<div>
<label for="a">a</label>
<input type="radio" value="a" name="answer" checked />
<pre><code class="language-evy">print &quot;hi&quot;
</code></pre>
</div>
<div>
<label for="b">b</label>
<input type="radio" value="b" name="answer" />
<pre><code class="language-evy">print hi
</code></pre>
</div>
<div>
<label for="c">c</label>
<input type="radio" value="c" name="answer" />
<pre><code class="language-evy">hi
</code></pre>
</div>
<div>
<label for="d">d</label>
<input type="radio" value="d" name="answer" />
<pre><code class="language-evy">&quot;hi&quot;
</code></pre>
</div>
</fieldset>
</form>
