<form id=q-no-parse-error class="difficulty-easy">
<h2>Parse errors</h2>
<p>Which program does <em>not</em> causes any parse errors?</p>
<p>Choose one correct answer:</p>
<fieldset>
<div>
<label>a<input type="checkbox" value="a" name="answer" />
</label>
<pre><code class="language-evy">print "banana"
</code></pre></div>
<div>
<label>b<input type="checkbox" value="b" name="answer" />
</label>
<pre><code class="language-evy">print "🍌
</code></pre></div>
<div>
<label>c<input type="checkbox" value="c" name="answer" />
</label>
<pre><code class="language-evy">print "print 🍌"
</code></pre></div>
<div>
<label>d<input type="checkbox" value="d" name="answer" />
</label>
<pre><code class="language-evy">print "print banana"
</code></pre></div>
</fieldset>
<p><em>Note</em>: A <strong>parse error</strong> is an error that occurs while parsing the program. It is
also called syntax error or compilation error.</p>
</form>
