<form id=q-parse-error class="difficulty-easy">
<h2>Parse errors</h2>
<p>Which program causes one or more parse errors?</p>
<p>Choose one correct answer:</p>
<fieldset>
<div>
<label for="a">a</label>
<input type="radio" value="a" name="answer" />
<pre><code class="language-evy">print "banana"
</code></pre></div>
<div>
<label for="b">b</label>
<input type="radio" value="b" name="answer" />
<pre><code class="language-evy">print "🍌
</code></pre></div>
<div>
<label for="c">c</label>
<input type="radio" value="c" name="answer" />
<pre><code class="language-evy">print "print 🍌"
</code></pre></div>
<div>
<label for="d">d</label>
<input type="radio" value="d" name="answer" />
<pre><code class="language-evy">print "print banana"
</code></pre></div>
</fieldset>
<p><em>Note</em>: A <strong>parse error</strong> is an error that occurs while parsing the program. It is
also called syntax error or compilation error.</p>
</form>
