<form id=q-print-8 class="difficulty-easy">
<h2>Understanding sequence: <code>print</code></h2>
<p>Which program generates the following output?</p>
<pre><code>print hi
</code></pre>
<p>Choose one correct answer:</p>
<fieldset>
<div>
<label for="a">a</label>
<input type="radio" value="a" name="answer" />
<pre><code class="language-evy">print "hi"
</code></pre>
</div>
<div>
<label for="b">b</label>
<input type="radio" value="b" name="answer" />
<pre><code class="language-evy">print "hey"
</code></pre>
</div>
<div>
<label for="c">c</label>
<input type="radio" value="c" name="answer" />
<pre><code class="language-evy">print "print hey"
</code></pre>
</div>
<div>
<label for="d">d</label>
<input type="radio" value="d" name="answer" />
<pre><code class="language-evy">print "print hi"
</code></pre>
</div>
</fieldset>
</form>
