<!doctype html>
<html lang="en">
  <head>
    <meta charset="utf-8" />
    <title>Unit test · Unit 1: Demo Unit</title>
    <meta name="viewport" content="width=device-width, initial-scale=1" />
    <link rel="icon" href="data:image/svg+xml,<svg xmlns='http://www.w3.org/2000/svg' viewBox='0 0 100 100'><text y='.9em' font-size='90'>⚡️</text></svg>" />
    <style>
      body {
        padding: 8px 32px;
        margin: 0;
      }
      fieldset {
        display: grid;
        grid-template: repeat(2, min-content) / repeat(2, min-content);
        grid-auto-flow: column;
        column-gap: 32px;
        row-gap: 8px;
        border: none;
      }
      pre {
        border: 1px solid silver;
        padding: 8px 12px;
        border-radius: 2px;
        background: whitesmoke;
        width: fit-content;
      }
      fieldset > div {
        display: flex;
        align-items: start;
        gap: 8px;
        border: 1px solid silver;
        border-radius: 6px;
        padding: 8px;
        background: whitesmoke;
      }
      fieldset pre {
        margin: 0;
        padding: 4px 12px;
        align-self: center;
        background: white;
        border: 1px solid silver;
      }
      form {
        padding-bottom: 32px;
      }
      form svg {
        width: 200px;
        height: 200px;
        border: 1px solid silver;
      }
      form.difficulty-easy:after {
        content: "Difficulty: 🌶️";
      }
      form.difficulty-medium:after {
        content: "Difficulty: 🌶️🌶️";
      }
      form.difficulty-hard:after {
        content: "Difficulty: 🌶️🌶️🌶️";
      }
      form:not(:first-child) {
        border-top: 1px solid silver;
      }
      table {
        border-collapse: collapse;
        margin-bottom: 24px;
      }
      td {
        border: 1px solid silver;
        padding: 4px 8px;
      }
    </style>
  </head>
  <body>
    <h1>Unit test: Understanding sequence</h1>
<h3>Question Composition</h3>
<table>
<tr><td >easy 🌶️</td><td>3</td></tr>
<tr><td >hard 🌶️🌶️🌶️</td><td>1</td></tr>
<tr><td >medium 🌶️🌶️</td><td>2</td></tr>
<tr><td >hard 🌶️🌶️🌶️</td><td>1</td></tr>
<tr><td >easy 🌶️</td><td>4</td></tr>
<tr><td >medium 🌶️🌶️</td><td>2</td></tr>
</table>
<h3>Question Pool</h3>
<table>
<tr><td >testdata/course1/unit1/cls/q-draw1.md</td><td >easy 🌶️</td></tr>
<tr><td >testdata/course1/unit1/cls/q-draw2.md</td><td >easy 🌶️</td></tr>
<tr><td >testdata/course1/unit1/cls/q-draw3.md</td><td >easy 🌶️</td></tr>
<tr><td >testdata/course1/unit1/cls/q-draw4.md</td><td >easy 🌶️</td></tr>
<tr><td >testdata/course1/unit1/exercise-txtar/q-banana-inverted.md</td><td >easy 🌶️</td></tr>
<tr><td >testdata/course1/unit1/exercise-txtar/q-banana.md</td><td >easy 🌶️</td></tr>
<tr><td >testdata/course1/unit1/exercise-txtar/q-print-inverted.md</td><td >easy 🌶️</td></tr>
<tr><td >testdata/course1/unit1/exercise-txtar/q-print.md</td><td >easy 🌶️</td></tr>
<tr><td >testdata/course1/unit1/shape/q-circle1.md</td><td >easy 🌶️</td></tr>
<tr><td >testdata/course1/unit1/shape/q-circle2.md</td><td >easy 🌶️</td></tr>
<tr><td >testdata/course1/unit1/shape/q-circle3.md</td><td >easy 🌶️</td></tr>
<tr><td >testdata/course1/unit1/shape/q-circle4.md</td><td >easy 🌶️</td></tr>
<tr><td >testdata/course1/unit1/text/q-plain1.md</td><td >easy 🌶️</td></tr>
<tr><td >testdata/course1/unit1/text/q-plain2.md</td><td >easy 🌶️</td></tr>
<tr><td >testdata/course1/unit1/text/q-plain3.md</td><td >easy 🌶️</td></tr>
<tr><td >testdata/course1/unit1/text/q-plain4.md</td><td >easy 🌶️</td></tr>
<tr><td >testdata/course1/unit1/cls/q-cls1.md</td><td >medium 🌶️🌶️</td></tr>
<tr><td >testdata/course1/unit1/cls/q-cls2.md</td><td >medium 🌶️🌶️</td></tr>
<tr><td >testdata/course1/unit1/cls/q-cls3.md</td><td >medium 🌶️🌶️</td></tr>
<tr><td >testdata/course1/unit1/cls/q-cls4.md</td><td >medium 🌶️🌶️</td></tr>
<tr><td >testdata/course1/unit1/exercise-txtar/q-print2.md</td><td >medium 🌶️🌶️</td></tr>
<tr><td >testdata/course1/unit1/exercise-txtar/q-print3.md</td><td >medium 🌶️🌶️</td></tr>
<tr><td >testdata/course1/unit1/exercise-txtar/q-shape-inverted.md</td><td >medium 🌶️🌶️</td></tr>
<tr><td >testdata/course1/unit1/exercise-txtar/q-shape.md</td><td >medium 🌶️🌶️</td></tr>
<tr><td >testdata/course1/unit1/shape/q-2circles3.md</td><td >medium 🌶️🌶️</td></tr>
<tr><td >testdata/course1/unit1/shape/q-2circles4.md</td><td >medium 🌶️🌶️</td></tr>
<tr><td >testdata/course1/unit1/text/q-colored3.md</td><td >medium 🌶️🌶️</td></tr>
<tr><td >testdata/course1/unit1/text/q-colored4.md</td><td >medium 🌶️🌶️</td></tr>
<tr><td >testdata/course1/unit1/shape/q-2circles1.md</td><td >hard 🌶️🌶️🌶️</td></tr>
<tr><td >testdata/course1/unit1/shape/q-2circles2.md</td><td >hard 🌶️🌶️🌶️</td></tr>
<tr><td >testdata/course1/unit1/text/q-colored1.md</td><td >hard 🌶️🌶️🌶️</td></tr>
<tr><td >testdata/course1/unit1/text/q-colored2.md</td><td >hard 🌶️🌶️🌶️</td></tr>
</table>

  </body>
</html>
