{
  "course1": {
    "unit1": {
      "exercise1": {
        "question-img1": {
          "single": "b"
        }
      }
    }
  }
}
