{
  "course1": {
    "unit1": {
      "exercise1": {
        "question2": {
          "single": "a"
        }
      }
    }
  }
}
