<form id=question1 class="difficulty-easy">
<p>What does this program output?</p>
<pre><code class="language-evy">print &quot;hi&quot;
</code></pre>
<p>Choose one correct answer:</p>
<fieldset>
<div>
<label for="a">a</label>
<input type="radio" value="a" name="answer" />
<code>&quot;hey&quot;</code></div>
<div>
<label for="b">b</label>
<input type="radio" value="b" name="answer" />
<code>ho</code></div>
<div>
<label for="c">c</label>
<input type="radio" value="c" name="answer" />
<code>hi</code></div>
<div>
<label for="d">d</label>
<input type="radio" value="d" name="answer" />
<code>&quot;hi&quot;</code></div>
</fieldset>
</form>
