<form id=question-link1>
<p>Which program generates the following output?</p>
<svg stroke="black" stroke-linecap="round" font-size="60" viewBox="0 0 1000 1000" xmlns="http://www.w3.org/2000/svg">
  <rect fill="white" stroke="white" x="0" y="0" width="100%" height="100%"></rect>
  <circle fill="red" stroke="red" cx="400" cy="600" r="200"></circle>
</svg>
<p>... with a bit of surrounding text in next paragraph (inline not allowed).</p>
<p>Choose one correct answer:</p>
<fieldset>
<div>
<label for="a">a</label>
<input type="radio" id="a" name="answer" />
<pre><code class="language-evy">move 50 50
color "red"
circle 10
</code></pre>
</div>
<div>
<label for="b">b</label>
<input type="radio" id="b" name="answer" />
<pre><code class="language-evy">move 50 50
color "red"
circle 20
</code></pre>
</div>
<div>
<label for="c">c</label>
<input type="radio" id="c" name="answer" />
<pre><code class="language-evy">move 40 40
color "red"
circle 20
</code></pre>
</div>
<div>
<label for="d">d</label>
<input type="radio" id="d" name="answer" />
<pre><code class="language-evy">move 60 60
color "red"
circle 10
</code></pre>
</div>
</fieldset>
</form>
