<form id=question-link4>
<p>Which program generates the following text output?</p>
<pre><code>print hi
</code></pre>
<p>Choose two correct answers:</p>
<fieldset>
<div>
<label for="a">a</label>
<input type="radio" id="a" name="answer" />
<pre><code class="language-evy">print "hi"
</code></pre>
</div>
<div>
<label for="b">b</label>
<input type="radio" id="b" name="answer" />
<pre><code class="language-evy">print "print hi"
</code></pre>
</div>
<div>
<label for="c">c</label>
<input type="radio" id="c" name="answer" />
<pre><code class="language-evy">print "print" "hi"
</code></pre>
</div>
<div>
<label for="d">d</label>
<input type="radio" id="d" name="answer" />
<pre><code class="language-evy">print "hi print hi"
</code></pre>
</div>
</fieldset>
</form>
