<form id=q-print1 class="difficulty-easy">
<h2>Understanding sequence: <code>print</code></h2>
<p>Write a program that generates this output:</p>
<pre><code>cookies coding crew
</code></pre>
<p>Program:</p>
<textarea name="answer" rows="2" cols="35">

</textarea>
</form>
