<!doctype html>
<html lang="en">
  <head>
    <meta charset="utf-8" />
    <title>question-img3</title>
    <meta name="viewport" content="width=device-width, initial-scale=1" />
    <link rel="icon" href="data:image/svg+xml,<svg xmlns='http://www.w3.org/2000/svg' viewBox='0 0 100 100'><text y='.9em' font-size='90'>‚ö°Ô∏è</text></svg>" />
    <style>
      body {
        padding: 8px 32px;
        margin: 0;
      }
      fieldset {
        display: grid;
        grid-template: repeat(2, min-content) / repeat(2, min-content);
        grid-auto-flow: column;
        column-gap: 32px;
        row-gap: 8px;
        border: none;
      }
      pre {
        border: 1px solid silver;
        padding: 8px 12px;
        border-radius: 2px;
        background: whitesmoke;
        width: fit-content;
      }
      fieldset > div {
        display: flex;
        align-items: start;
        gap: 8px;
        border: 1px solid silver;
        border-radius: 6px;
        padding: 8px;
        background: whitesmoke;
      }
      fieldset pre {
        margin: 0;
        padding: 4px 12px;
        align-self: center;
        background: white;
        border: 1px solid silver;
      }
      textarea {
        display: block;
        border: 1px solid silver;
        border-radius: 2px;
        padding: 8px;
        margin-bottom: 8px;
      }
      form {
        padding-bottom: 32px;
      }
      form svg {
        width: 200px;
        height: 200px;
        border: 1px solid silver;
      }
      form.difficulty-easy:after {
        content: "Difficulty: üå∂Ô∏è";
      }
      form.difficulty-medium:after {
        content: "Difficulty: üå∂Ô∏èüå∂Ô∏è";
      }
      form.difficulty-hard:after {
        content: "Difficulty: üå∂Ô∏èüå∂Ô∏èüå∂Ô∏è";
      }
      form:not(:first-child) {
        border-top: 1px solid silver;
      }
      table {
        border-collapse: collapse;
        margin-bottom: 24px;
      }
      td {
        border: 1px solid silver;
        padding: 4px 8px;
      }
    </style>
  </head>
  <body>
    <form id=question-img3 class="difficulty-medium">
<h2>Understanding sequence: <code>move</code>, <code>color</code>, <code>circle</code> commands</h2>
<p>Adding an image here to ensure paths are resolved properly:</p>
<p><a href="dot/dot.a.evy.svg">some image</a></p>
<p>Which program generates the following output?</p>
<svg stroke="black" stroke-linecap="round" font-size="60" viewBox="0 0 1000 1000" xmlns="http://www.w3.org/2000/svg">
  <rect fill="white" stroke="white" x="0" y="0" width="100%" height="100%"></rect>
  <circle fill="red" stroke="red" cx="500" cy="500" r="100"></circle>
</svg>
<p>Choose one correct answer:</p>
<fieldset>
<div>
<label for="a">a</label>
<input type="radio" value="a" name="answer" />
<pre><code class="language-evy">move 50 50
color &quot;red&quot;
circle 20
</code></pre>
</div>
<div>
<label for="b">b</label>
<input type="radio" value="b" name="answer" />
<pre><code class="language-evy">move 40 40
color &quot;red&quot;
circle 20
</code></pre>
</div>
<div>
<label for="c">c</label>
<input type="radio" value="c" name="answer" />
<pre><code class="language-evy">move 60 60
color &quot;red&quot;
circle 10
</code></pre>
</div>
<div>
<label for="d">d</label>
<input type="radio" value="d" name="answer" checked />
<pre><code class="language-evy">move 50 50
color &quot;red&quot;
circle 10
</code></pre>
</div>
</fieldset>
</form>

  </body>
</html>
