<!doctype html>
<html lang="en">
  <head>
    <meta charset="utf-8" />
    <title>Exercise 2</title>
    <meta name="viewport" content="width=device-width, initial-scale=1" />
    <link rel="icon" href="data:image/svg+xml,<svg xmlns='http://www.w3.org/2000/svg' viewBox='0 0 100 100'><text y='.9em' font-size='90'>⚡️</text></svg>" />
    <style>
      body {
        padding: 8px 32px;
        margin: 0;
      }
      fieldset {
        display: grid;
        grid-template: repeat(2, min-content) / repeat(2, min-content);
        grid-auto-flow: column;
        column-gap: 32px;
        row-gap: 8px;
        border: none;
      }
      pre {
        border: 1px solid silver;
        padding: 8px 12px;
        border-radius: 2px;
        background: whitesmoke;
        width: fit-content;
      }
      fieldset > div {
        display: flex;
        align-items: start;
        gap: 8px;
        border: 1px solid silver;
        border-radius: 6px;
        padding: 8px;
        background: whitesmoke;
      }
      fieldset pre {
        margin: 0;
        padding: 4px 12px;
        align-self: center;
        background: white;
        border: 1px solid silver;
      }
      textarea {
        display: block;
        border: 1px solid silver;
        border-radius: 2px;
        padding: 8px;
        margin-bottom: 8px;
      }
      form {
        padding-bottom: 32px;
      }
      form svg {
        width: 200px;
        height: 200px;
        border: 1px solid silver;
      }
      form.difficulty-easy:after {
        content: "Difficulty: 🌶️";
      }
      form.difficulty-medium:after {
        content: "Difficulty: 🌶️🌶️";
      }
      form.difficulty-hard:after {
        content: "Difficulty: 🌶️🌶️🌶️";
      }
      form:not(:first-child) {
        border-top: 1px solid silver;
      }
      table {
        border-collapse: collapse;
        margin-bottom: 24px;
      }
      td {
        border: 1px solid silver;
        padding: 4px 8px;
      }
    </style>
  </head>
  <body>
    <h1>Exercise 2</h1>
<p>Exercise 2 shows how exercises are composed with txtar files, it's not a <em>real</em> exercise.</p>
<h3>Question Composition</h3>
<table>
<tr><td >easy 🌶️</td><td>2</td></tr>
<tr><td >medium 🌶️🌶️</td><td>2</td></tr>
</table>
<form id=q-banana-inverted-f class="difficulty-easy">
<h2>Understanding sequence: <code>print</code></h2>
<p>What does this program output?</p>
<pre><code class="language-evy">print "banana"
</code></pre>
<p>Choose one correct answer:</p>
<fieldset>
<div>
<label>a<input type="radio" value="a" name="answer" checked />
</label>
<pre><code>banana
</code></pre>
</div>
<div>
<label>b<input type="radio" value="b" name="answer" />
</label>
<pre><code>🍌
</code></pre>
</div>
<div>
<label>c<input type="radio" value="c" name="answer" />
</label>
<pre><code>print 🍌
</code></pre>
</div>
<div>
<label>d<input type="radio" value="d" name="answer" />
</label>
<pre><code>print banana
</code></pre>
</div>
</fieldset>
</form>
<form id=q-banana-inverted-b class="difficulty-easy">
<h2>Understanding sequence: <code>print</code></h2>
<p>What does this program output?</p>
<pre><code class="language-evy">print "🍌"
</code></pre>
<p>Choose one correct answer:</p>
<fieldset>
<div>
<label>a<input type="radio" value="a" name="answer" />
</label>
<pre><code>banana
</code></pre>
</div>
<div>
<label>b<input type="radio" value="b" name="answer" checked />
</label>
<pre><code>🍌
</code></pre>
</div>
<div>
<label>c<input type="radio" value="c" name="answer" />
</label>
<pre><code>print 🍌
</code></pre>
</div>
<div>
<label>d<input type="radio" value="d" name="answer" />
</label>
<pre><code>print banana
</code></pre>
</div>
</fieldset>
</form>
<form id=q-banana-inverted-3 class="difficulty-easy">
<h2>Understanding sequence: <code>print</code></h2>
<p>What does this program output?</p>
<pre><code class="language-evy">print "print 🍌"
</code></pre>
<p>Choose one correct answer:</p>
<fieldset>
<div>
<label>a<input type="radio" value="a" name="answer" />
</label>
<pre><code>banana
</code></pre>
</div>
<div>
<label>b<input type="radio" value="b" name="answer" />
</label>
<pre><code>🍌
</code></pre>
</div>
<div>
<label>c<input type="radio" value="c" name="answer" checked />
</label>
<pre><code>print 🍌
</code></pre>
</div>
<div>
<label>d<input type="radio" value="d" name="answer" />
</label>
<pre><code>print banana
</code></pre>
</div>
</fieldset>
</form>
<form id=q-banana-inverted-c class="difficulty-easy">
<h2>Understanding sequence: <code>print</code></h2>
<p>What does this program output?</p>
<pre><code class="language-evy">print "print banana"
</code></pre>
<p>Choose one correct answer:</p>
<fieldset>
<div>
<label>a<input type="radio" value="a" name="answer" />
</label>
<pre><code>banana
</code></pre>
</div>
<div>
<label>b<input type="radio" value="b" name="answer" />
</label>
<pre><code>🍌
</code></pre>
</div>
<div>
<label>c<input type="radio" value="c" name="answer" />
</label>
<pre><code>print 🍌
</code></pre>
</div>
<div>
<label>d<input type="radio" value="d" name="answer" checked />
</label>
<pre><code>print banana
</code></pre>
</div>
</fieldset>
</form>
<form id=q-banana-0e class="difficulty-easy">
<h2>Understanding sequence: <code>print</code></h2>
<p>Which program generates the following output?</p>
<pre><code>banana
</code></pre>
<p>Choose one correct answer:</p>
<fieldset>
<div>
<label>a<input type="radio" value="a" name="answer" checked />
</label>
<pre><code class="language-evy">print "banana"
</code></pre>
</div>
<div>
<label>b<input type="radio" value="b" name="answer" />
</label>
<pre><code class="language-evy">print "🍌"
</code></pre>
</div>
<div>
<label>c<input type="radio" value="c" name="answer" />
</label>
<pre><code class="language-evy">print "print 🍌"
</code></pre>
</div>
<div>
<label>d<input type="radio" value="d" name="answer" />
</label>
<pre><code class="language-evy">print "print banana"
</code></pre>
</div>
</fieldset>
</form>
<form id=q-banana-7e class="difficulty-easy">
<h2>Understanding sequence: <code>print</code></h2>
<p>Which program generates the following output?</p>
<pre><code>🍌
</code></pre>
<p>Choose one correct answer:</p>
<fieldset>
<div>
<label>a<input type="radio" value="a" name="answer" />
</label>
<pre><code class="language-evy">print "banana"
</code></pre>
</div>
<div>
<label>b<input type="radio" value="b" name="answer" checked />
</label>
<pre><code class="language-evy">print "🍌"
</code></pre>
</div>
<div>
<label>c<input type="radio" value="c" name="answer" />
</label>
<pre><code class="language-evy">print "print 🍌"
</code></pre>
</div>
<div>
<label>d<input type="radio" value="d" name="answer" />
</label>
<pre><code class="language-evy">print "print banana"
</code></pre>
</div>
</fieldset>
</form>
<form id=q-banana-27 class="difficulty-easy">
<h2>Understanding sequence: <code>print</code></h2>
<p>Which program generates the following output?</p>
<pre><code>print 🍌
</code></pre>
<p>Choose one correct answer:</p>
<fieldset>
<div>
<label>a<input type="radio" value="a" name="answer" />
</label>
<pre><code class="language-evy">print "banana"
</code></pre>
</div>
<div>
<label>b<input type="radio" value="b" name="answer" />
</label>
<pre><code class="language-evy">print "🍌"
</code></pre>
</div>
<div>
<label>c<input type="radio" value="c" name="answer" checked />
</label>
<pre><code class="language-evy">print "print 🍌"
</code></pre>
</div>
<div>
<label>d<input type="radio" value="d" name="answer" />
</label>
<pre><code class="language-evy">print "print banana"
</code></pre>
</div>
</fieldset>
</form>
<form id=q-banana-76 class="difficulty-easy">
<h2>Understanding sequence: <code>print</code></h2>
<p>Which program generates the following output?</p>
<pre><code>print banana
</code></pre>
<p>Choose one correct answer:</p>
<fieldset>
<div>
<label>a<input type="radio" value="a" name="answer" />
</label>
<pre><code class="language-evy">print "banana"
</code></pre>
</div>
<div>
<label>b<input type="radio" value="b" name="answer" />
</label>
<pre><code class="language-evy">print "🍌"
</code></pre>
</div>
<div>
<label>c<input type="radio" value="c" name="answer" />
</label>
<pre><code class="language-evy">print "print 🍌"
</code></pre>
</div>
<div>
<label>d<input type="radio" value="d" name="answer" checked />
</label>
<pre><code class="language-evy">print "print banana"
</code></pre>
</div>
</fieldset>
</form>
<form id=q-print-inverted-7 class="difficulty-easy">
<h2>Understanding sequence: <code>print</code></h2>
<p>What does this program output?</p>
<pre><code class="language-evy">print "hi"
</code></pre>
<p>Choose one correct answer:</p>
<fieldset>
<div>
<label>a<input type="radio" value="a" name="answer" checked />
</label>
<pre><code>hi
</code></pre>
</div>
<div>
<label>b<input type="radio" value="b" name="answer" />
</label>
<pre><code>hey
</code></pre>
</div>
<div>
<label>c<input type="radio" value="c" name="answer" />
</label>
<pre><code>print hey
</code></pre>
</div>
<div>
<label>d<input type="radio" value="d" name="answer" />
</label>
<pre><code>print hi
</code></pre>
</div>
</fieldset>
</form>
<form id=q-print-inverted-a class="difficulty-easy">
<h2>Understanding sequence: <code>print</code></h2>
<p>What does this program output?</p>
<pre><code class="language-evy">print "hey"
</code></pre>
<p>Choose one correct answer:</p>
<fieldset>
<div>
<label>a<input type="radio" value="a" name="answer" />
</label>
<pre><code>hi
</code></pre>
</div>
<div>
<label>b<input type="radio" value="b" name="answer" checked />
</label>
<pre><code>hey
</code></pre>
</div>
<div>
<label>c<input type="radio" value="c" name="answer" />
</label>
<pre><code>print hey
</code></pre>
</div>
<div>
<label>d<input type="radio" value="d" name="answer" />
</label>
<pre><code>print hi
</code></pre>
</div>
</fieldset>
</form>
<form id=q-print-inverted-d class="difficulty-easy">
<h2>Understanding sequence: <code>print</code></h2>
<p>What does this program output?</p>
<pre><code class="language-evy">print "print hey"
</code></pre>
<p>Choose one correct answer:</p>
<fieldset>
<div>
<label>a<input type="radio" value="a" name="answer" />
</label>
<pre><code>hi
</code></pre>
</div>
<div>
<label>b<input type="radio" value="b" name="answer" />
</label>
<pre><code>hey
</code></pre>
</div>
<div>
<label>c<input type="radio" value="c" name="answer" checked />
</label>
<pre><code>print hey
</code></pre>
</div>
<div>
<label>d<input type="radio" value="d" name="answer" />
</label>
<pre><code>print hi
</code></pre>
</div>
</fieldset>
</form>
<form id=q-print-inverted-5 class="difficulty-easy">
<h2>Understanding sequence: <code>print</code></h2>
<p>What does this program output?</p>
<pre><code class="language-evy">print "print hi"
</code></pre>
<p>Choose one correct answer:</p>
<fieldset>
<div>
<label>a<input type="radio" value="a" name="answer" />
</label>
<pre><code>hi
</code></pre>
</div>
<div>
<label>b<input type="radio" value="b" name="answer" />
</label>
<pre><code>hey
</code></pre>
</div>
<div>
<label>c<input type="radio" value="c" name="answer" />
</label>
<pre><code>print hey
</code></pre>
</div>
<div>
<label>d<input type="radio" value="d" name="answer" checked />
</label>
<pre><code>print hi
</code></pre>
</div>
</fieldset>
</form>
<form id=q-print-f class="difficulty-easy">
<h2>Understanding sequence: <code>print</code></h2>
<p>Which program generates the following output?</p>
<pre><code>hi
</code></pre>
<p>Choose one correct answer:</p>
<fieldset>
<div>
<label>a<input type="radio" value="a" name="answer" checked />
</label>
<pre><code class="language-evy">print "hi"
</code></pre>
</div>
<div>
<label>b<input type="radio" value="b" name="answer" />
</label>
<pre><code class="language-evy">print "hey"
</code></pre>
</div>
<div>
<label>c<input type="radio" value="c" name="answer" />
</label>
<pre><code class="language-evy">print "print hey"
</code></pre>
</div>
<div>
<label>d<input type="radio" value="d" name="answer" />
</label>
<pre><code class="language-evy">print "print hi"
</code></pre>
</div>
</fieldset>
</form>
<form id=q-print-d class="difficulty-easy">
<h2>Understanding sequence: <code>print</code></h2>
<p>Which program generates the following output?</p>
<pre><code>hey
</code></pre>
<p>Choose one correct answer:</p>
<fieldset>
<div>
<label>a<input type="radio" value="a" name="answer" />
</label>
<pre><code class="language-evy">print "hi"
</code></pre>
</div>
<div>
<label>b<input type="radio" value="b" name="answer" checked />
</label>
<pre><code class="language-evy">print "hey"
</code></pre>
</div>
<div>
<label>c<input type="radio" value="c" name="answer" />
</label>
<pre><code class="language-evy">print "print hey"
</code></pre>
</div>
<div>
<label>d<input type="radio" value="d" name="answer" />
</label>
<pre><code class="language-evy">print "print hi"
</code></pre>
</div>
</fieldset>
</form>
<form id=q-print-5 class="difficulty-easy">
<h2>Understanding sequence: <code>print</code></h2>
<p>Which program generates the following output?</p>
<pre><code>print hey
</code></pre>
<p>Choose one correct answer:</p>
<fieldset>
<div>
<label>a<input type="radio" value="a" name="answer" />
</label>
<pre><code class="language-evy">print "hi"
</code></pre>
</div>
<div>
<label>b<input type="radio" value="b" name="answer" />
</label>
<pre><code class="language-evy">print "hey"
</code></pre>
</div>
<div>
<label>c<input type="radio" value="c" name="answer" checked />
</label>
<pre><code class="language-evy">print "print hey"
</code></pre>
</div>
<div>
<label>d<input type="radio" value="d" name="answer" />
</label>
<pre><code class="language-evy">print "print hi"
</code></pre>
</div>
</fieldset>
</form>
<form id=q-print-8 class="difficulty-easy">
<h2>Understanding sequence: <code>print</code></h2>
<p>Which program generates the following output?</p>
<pre><code>print hi
</code></pre>
<p>Choose one correct answer:</p>
<fieldset>
<div>
<label>a<input type="radio" value="a" name="answer" />
</label>
<pre><code class="language-evy">print "hi"
</code></pre>
</div>
<div>
<label>b<input type="radio" value="b" name="answer" />
</label>
<pre><code class="language-evy">print "hey"
</code></pre>
</div>
<div>
<label>c<input type="radio" value="c" name="answer" />
</label>
<pre><code class="language-evy">print "print hey"
</code></pre>
</div>
<div>
<label>d<input type="radio" value="d" name="answer" checked />
</label>
<pre><code class="language-evy">print "print hi"
</code></pre>
</div>
</fieldset>
</form>
<form id=q-print2-f class="difficulty-medium">
<h2>Understanding sequence: <code>print</code></h2>
<p>Which program generates the following output?</p>
<pre><code>1
2
</code></pre>
<p>Choose one correct answer:</p>
<fieldset>
<div>
<label>a<input type="radio" value="a" name="answer" checked />
</label>
<pre><code class="language-evy">print "1"
print "2"
</code></pre>
</div>
<div>
<label>b<input type="radio" value="b" name="answer" />
</label>
<pre><code class="language-evy">print "2"
print "1"
</code></pre>
</div>
<div>
<label>c<input type="radio" value="c" name="answer" />
</label>
<pre><code class="language-evy">print "1" "2"
</code></pre>
</div>
<div>
<label>d<input type="radio" value="d" name="answer" />
</label>
<pre><code class="language-evy">print "2" "1"
</code></pre>
</div>
</fieldset>
</form>
<form id=q-print2-9 class="difficulty-medium">
<h2>Understanding sequence: <code>print</code></h2>
<p>Which program generates the following output?</p>
<pre><code>2
1
</code></pre>
<p>Choose one correct answer:</p>
<fieldset>
<div>
<label>a<input type="radio" value="a" name="answer" />
</label>
<pre><code class="language-evy">print "1"
print "2"
</code></pre>
</div>
<div>
<label>b<input type="radio" value="b" name="answer" checked />
</label>
<pre><code class="language-evy">print "2"
print "1"
</code></pre>
</div>
<div>
<label>c<input type="radio" value="c" name="answer" />
</label>
<pre><code class="language-evy">print "1" "2"
</code></pre>
</div>
<div>
<label>d<input type="radio" value="d" name="answer" />
</label>
<pre><code class="language-evy">print "2" "1"
</code></pre>
</div>
</fieldset>
</form>
<form id=q-print2-a class="difficulty-medium">
<h2>Understanding sequence: <code>print</code></h2>
<p>Which program generates the following output?</p>
<pre><code>1 2
</code></pre>
<p>Choose one correct answer:</p>
<fieldset>
<div>
<label>a<input type="radio" value="a" name="answer" />
</label>
<pre><code class="language-evy">print "1"
print "2"
</code></pre>
</div>
<div>
<label>b<input type="radio" value="b" name="answer" />
</label>
<pre><code class="language-evy">print "2"
print "1"
</code></pre>
</div>
<div>
<label>c<input type="radio" value="c" name="answer" checked />
</label>
<pre><code class="language-evy">print "1" "2"
</code></pre>
</div>
<div>
<label>d<input type="radio" value="d" name="answer" />
</label>
<pre><code class="language-evy">print "2" "1"
</code></pre>
</div>
</fieldset>
</form>
<form id=q-print2-5 class="difficulty-medium">
<h2>Understanding sequence: <code>print</code></h2>
<p>Which program generates the following output?</p>
<pre><code>2 1
</code></pre>
<p>Choose one correct answer:</p>
<fieldset>
<div>
<label>a<input type="radio" value="a" name="answer" />
</label>
<pre><code class="language-evy">print "1"
print "2"
</code></pre>
</div>
<div>
<label>b<input type="radio" value="b" name="answer" />
</label>
<pre><code class="language-evy">print "2"
print "1"
</code></pre>
</div>
<div>
<label>c<input type="radio" value="c" name="answer" />
</label>
<pre><code class="language-evy">print "1" "2"
</code></pre>
</div>
<div>
<label>d<input type="radio" value="d" name="answer" checked />
</label>
<pre><code class="language-evy">print "2" "1"
</code></pre>
</div>
</fieldset>
</form>
<form id=q-print3 class="difficulty-medium">
<h2>Understanding sequence: <code>print</code></h2>
<p>Which program generates the following output?</p>
<pre><code>hi
</code></pre>
<p>Choose one correct answer:</p>
<fieldset>
<div>
<label>a<input type="radio" value="a" name="answer" checked />
</label>
*** txtar Content ERROR ***</div>
</fieldset>
</form>
<form id=q-shape-inverted-d5 class="difficulty-medium">
<h2>Understanding sequence: <code>move</code>, <code>color</code>, <code>circle</code> commands</h2>
<p>What does this program output?</p>
<pre><code class="language-evy">move 40 40
color "blue"
circle 10
</code></pre>
<p>Choose one correct answer:</p>
<fieldset>
<div>
<label>a<input type="radio" value="a" name="answer" checked />
</label>
<svg stroke="black" stroke-linecap="round" font-size="60" viewBox="0 0 1000 1000" xmlns="http://www.w3.org/2000/svg">
  <rect fill="white" stroke="white" x="0" y="0" width="100%" height="100%"></rect>
  <circle fill="blue" stroke="blue" cx="400" cy="600" r="100"></circle>
</svg>
</div>
<div>
<label>b<input type="radio" value="b" name="answer" />
</label>
<svg stroke="black" stroke-linecap="round" font-size="60" viewBox="0 0 1000 1000" xmlns="http://www.w3.org/2000/svg">
  <rect fill="white" stroke="white" x="0" y="0" width="100%" height="100%"></rect>
  <circle fill="blue" stroke="blue" cx="600" cy="400" r="100"></circle>
</svg>
</div>
<div>
<label>c<input type="radio" value="c" name="answer" />
</label>
<svg stroke="black" stroke-linecap="round" font-size="60" viewBox="0 0 1000 1000" xmlns="http://www.w3.org/2000/svg">
  <rect fill="white" stroke="white" x="0" y="0" width="100%" height="100%"></rect>
  <circle fill="blue" stroke="blue" cx="600" cy="600" r="100"></circle>
</svg>
</div>
<div>
<label>d<input type="radio" value="d" name="answer" />
</label>
<svg stroke="black" stroke-linecap="round" font-size="60" viewBox="0 0 1000 1000" xmlns="http://www.w3.org/2000/svg">
  <rect fill="white" stroke="white" x="0" y="0" width="100%" height="100%"></rect>
  <circle fill="blue" stroke="blue" cx="400" cy="400" r="100"></circle>
</svg>
</div>
</fieldset>
</form>
<form id=q-shape-inverted-ea class="difficulty-medium">
<h2>Understanding sequence: <code>move</code>, <code>color</code>, <code>circle</code> commands</h2>
<p>What does this program output?</p>
<pre><code class="language-evy">move 60 60
color "blue"
circle 10
</code></pre>
<p>Choose one correct answer:</p>
<fieldset>
<div>
<label>a<input type="radio" value="a" name="answer" />
</label>
<svg stroke="black" stroke-linecap="round" font-size="60" viewBox="0 0 1000 1000" xmlns="http://www.w3.org/2000/svg">
  <rect fill="white" stroke="white" x="0" y="0" width="100%" height="100%"></rect>
  <circle fill="blue" stroke="blue" cx="400" cy="600" r="100"></circle>
</svg>
</div>
<div>
<label>b<input type="radio" value="b" name="answer" checked />
</label>
<svg stroke="black" stroke-linecap="round" font-size="60" viewBox="0 0 1000 1000" xmlns="http://www.w3.org/2000/svg">
  <rect fill="white" stroke="white" x="0" y="0" width="100%" height="100%"></rect>
  <circle fill="blue" stroke="blue" cx="600" cy="400" r="100"></circle>
</svg>
</div>
<div>
<label>c<input type="radio" value="c" name="answer" />
</label>
<svg stroke="black" stroke-linecap="round" font-size="60" viewBox="0 0 1000 1000" xmlns="http://www.w3.org/2000/svg">
  <rect fill="white" stroke="white" x="0" y="0" width="100%" height="100%"></rect>
  <circle fill="blue" stroke="blue" cx="600" cy="600" r="100"></circle>
</svg>
</div>
<div>
<label>d<input type="radio" value="d" name="answer" />
</label>
<svg stroke="black" stroke-linecap="round" font-size="60" viewBox="0 0 1000 1000" xmlns="http://www.w3.org/2000/svg">
  <rect fill="white" stroke="white" x="0" y="0" width="100%" height="100%"></rect>
  <circle fill="blue" stroke="blue" cx="400" cy="400" r="100"></circle>
</svg>
</div>
</fieldset>
</form>
<form id=q-shape-inverted-a9 class="difficulty-medium">
<h2>Understanding sequence: <code>move</code>, <code>color</code>, <code>circle</code> commands</h2>
<p>What does this program output?</p>
<pre><code class="language-evy">move 60 40
color "blue"
circle 10
</code></pre>
<p>Choose one correct answer:</p>
<fieldset>
<div>
<label>a<input type="radio" value="a" name="answer" />
</label>
<svg stroke="black" stroke-linecap="round" font-size="60" viewBox="0 0 1000 1000" xmlns="http://www.w3.org/2000/svg">
  <rect fill="white" stroke="white" x="0" y="0" width="100%" height="100%"></rect>
  <circle fill="blue" stroke="blue" cx="400" cy="600" r="100"></circle>
</svg>
</div>
<div>
<label>b<input type="radio" value="b" name="answer" />
</label>
<svg stroke="black" stroke-linecap="round" font-size="60" viewBox="0 0 1000 1000" xmlns="http://www.w3.org/2000/svg">
  <rect fill="white" stroke="white" x="0" y="0" width="100%" height="100%"></rect>
  <circle fill="blue" stroke="blue" cx="600" cy="400" r="100"></circle>
</svg>
</div>
<div>
<label>c<input type="radio" value="c" name="answer" checked />
</label>
<svg stroke="black" stroke-linecap="round" font-size="60" viewBox="0 0 1000 1000" xmlns="http://www.w3.org/2000/svg">
  <rect fill="white" stroke="white" x="0" y="0" width="100%" height="100%"></rect>
  <circle fill="blue" stroke="blue" cx="600" cy="600" r="100"></circle>
</svg>
</div>
<div>
<label>d<input type="radio" value="d" name="answer" />
</label>
<svg stroke="black" stroke-linecap="round" font-size="60" viewBox="0 0 1000 1000" xmlns="http://www.w3.org/2000/svg">
  <rect fill="white" stroke="white" x="0" y="0" width="100%" height="100%"></rect>
  <circle fill="blue" stroke="blue" cx="400" cy="400" r="100"></circle>
</svg>
</div>
</fieldset>
</form>
<form id=q-shape-inverted-db class="difficulty-medium">
<h2>Understanding sequence: <code>move</code>, <code>color</code>, <code>circle</code> commands</h2>
<p>What does this program output?</p>
<pre><code class="language-evy">move 40 60
color "blue"
circle 10
</code></pre>
<p>Choose one correct answer:</p>
<fieldset>
<div>
<label>a<input type="radio" value="a" name="answer" />
</label>
<svg stroke="black" stroke-linecap="round" font-size="60" viewBox="0 0 1000 1000" xmlns="http://www.w3.org/2000/svg">
  <rect fill="white" stroke="white" x="0" y="0" width="100%" height="100%"></rect>
  <circle fill="blue" stroke="blue" cx="400" cy="600" r="100"></circle>
</svg>
</div>
<div>
<label>b<input type="radio" value="b" name="answer" />
</label>
<svg stroke="black" stroke-linecap="round" font-size="60" viewBox="0 0 1000 1000" xmlns="http://www.w3.org/2000/svg">
  <rect fill="white" stroke="white" x="0" y="0" width="100%" height="100%"></rect>
  <circle fill="blue" stroke="blue" cx="600" cy="400" r="100"></circle>
</svg>
</div>
<div>
<label>c<input type="radio" value="c" name="answer" />
</label>
<svg stroke="black" stroke-linecap="round" font-size="60" viewBox="0 0 1000 1000" xmlns="http://www.w3.org/2000/svg">
  <rect fill="white" stroke="white" x="0" y="0" width="100%" height="100%"></rect>
  <circle fill="blue" stroke="blue" cx="600" cy="600" r="100"></circle>
</svg>
</div>
<div>
<label>d<input type="radio" value="d" name="answer" checked />
</label>
<svg stroke="black" stroke-linecap="round" font-size="60" viewBox="0 0 1000 1000" xmlns="http://www.w3.org/2000/svg">
  <rect fill="white" stroke="white" x="0" y="0" width="100%" height="100%"></rect>
  <circle fill="blue" stroke="blue" cx="400" cy="400" r="100"></circle>
</svg>
</div>
</fieldset>
</form>
<form id=q-shape-9 class="difficulty-medium">
<h2>Understanding sequence: <code>move</code>, <code>color</code>, <code>circle</code> commands</h2>
<p>Which program generates the following output?</p>
<svg stroke="black" stroke-linecap="round" font-size="60" viewBox="0 0 1000 1000" xmlns="http://www.w3.org/2000/svg">
  <rect fill="white" stroke="white" x="0" y="0" width="100%" height="100%"></rect>
  <circle fill="blue" stroke="blue" cx="400" cy="600" r="100"></circle>
</svg>
<p>Choose one correct answer:</p>
<fieldset>
<div>
<label>a<input type="radio" value="a" name="answer" checked />
</label>
<pre><code class="language-evy">move 40 40
color "blue"
circle 10
</code></pre>
</div>
<div>
<label>b<input type="radio" value="b" name="answer" />
</label>
<pre><code class="language-evy">move 60 60
color "blue"
circle 10
</code></pre>
</div>
<div>
<label>c<input type="radio" value="c" name="answer" />
</label>
<pre><code class="language-evy">move 60 40
color "blue"
circle 10
</code></pre>
</div>
<div>
<label>d<input type="radio" value="d" name="answer" />
</label>
<pre><code class="language-evy">move 40 60
color "blue"
circle 10
</code></pre>
</div>
</fieldset>
</form>
<form id=q-shape-c class="difficulty-medium">
<h2>Understanding sequence: <code>move</code>, <code>color</code>, <code>circle</code> commands</h2>
<p>Which program generates the following output?</p>
<svg stroke="black" stroke-linecap="round" font-size="60" viewBox="0 0 1000 1000" xmlns="http://www.w3.org/2000/svg">
  <rect fill="white" stroke="white" x="0" y="0" width="100%" height="100%"></rect>
  <circle fill="blue" stroke="blue" cx="600" cy="400" r="100"></circle>
</svg>
<p>Choose one correct answer:</p>
<fieldset>
<div>
<label>a<input type="radio" value="a" name="answer" />
</label>
<pre><code class="language-evy">move 40 40
color "blue"
circle 10
</code></pre>
</div>
<div>
<label>b<input type="radio" value="b" name="answer" checked />
</label>
<pre><code class="language-evy">move 60 60
color "blue"
circle 10
</code></pre>
</div>
<div>
<label>c<input type="radio" value="c" name="answer" />
</label>
<pre><code class="language-evy">move 60 40
color "blue"
circle 10
</code></pre>
</div>
<div>
<label>d<input type="radio" value="d" name="answer" />
</label>
<pre><code class="language-evy">move 40 60
color "blue"
circle 10
</code></pre>
</div>
</fieldset>
</form>
<form id=q-shape-1 class="difficulty-medium">
<h2>Understanding sequence: <code>move</code>, <code>color</code>, <code>circle</code> commands</h2>
<p>Which program generates the following output?</p>
<svg stroke="black" stroke-linecap="round" font-size="60" viewBox="0 0 1000 1000" xmlns="http://www.w3.org/2000/svg">
  <rect fill="white" stroke="white" x="0" y="0" width="100%" height="100%"></rect>
  <circle fill="blue" stroke="blue" cx="600" cy="600" r="100"></circle>
</svg>
<p>Choose one correct answer:</p>
<fieldset>
<div>
<label>a<input type="radio" value="a" name="answer" />
</label>
<pre><code class="language-evy">move 40 40
color "blue"
circle 10
</code></pre>
</div>
<div>
<label>b<input type="radio" value="b" name="answer" />
</label>
<pre><code class="language-evy">move 60 60
color "blue"
circle 10
</code></pre>
</div>
<div>
<label>c<input type="radio" value="c" name="answer" checked />
</label>
<pre><code class="language-evy">move 60 40
color "blue"
circle 10
</code></pre>
</div>
<div>
<label>d<input type="radio" value="d" name="answer" />
</label>
<pre><code class="language-evy">move 40 60
color "blue"
circle 10
</code></pre>
</div>
</fieldset>
</form>
<form id=q-shape-4 class="difficulty-medium">
<h2>Understanding sequence: <code>move</code>, <code>color</code>, <code>circle</code> commands</h2>
<p>Which program generates the following output?</p>
<svg stroke="black" stroke-linecap="round" font-size="60" viewBox="0 0 1000 1000" xmlns="http://www.w3.org/2000/svg">
  <rect fill="white" stroke="white" x="0" y="0" width="100%" height="100%"></rect>
  <circle fill="blue" stroke="blue" cx="400" cy="400" r="100"></circle>
</svg>
<p>Choose one correct answer:</p>
<fieldset>
<div>
<label>a<input type="radio" value="a" name="answer" />
</label>
<pre><code class="language-evy">move 40 40
color "blue"
circle 10
</code></pre>
</div>
<div>
<label>b<input type="radio" value="b" name="answer" />
</label>
<pre><code class="language-evy">move 60 60
color "blue"
circle 10
</code></pre>
</div>
<div>
<label>c<input type="radio" value="c" name="answer" />
</label>
<pre><code class="language-evy">move 60 40
color "blue"
circle 10
</code></pre>
</div>
<div>
<label>d<input type="radio" value="d" name="answer" checked />
</label>
<pre><code class="language-evy">move 40 60
color "blue"
circle 10
</code></pre>
</div>
</fieldset>
</form>

  </body>
</html>
