<form id=question-link3 class="difficulty-easy">
<p>What does this program output?</p>
<pre><code class="language-evy">print "hi print hi"
</code></pre>
<p>Choose one correct answer:</p>
<fieldset>
<div>
<label for="a">a</label>
<input type="radio" value="a" name="answer" />
<pre><code>hi
</code></pre>
</div>
<div>
<label for="b">b</label>
<input type="radio" value="b" name="answer" />
<pre><code>print hi
</code></pre>
</div>
<div>
<label for="c">c</label>
<input type="radio" value="c" name="answer" />
<pre><code>print hi
</code></pre>
</div>
<div>
<label for="d">d</label>
<input type="radio" value="d" name="answer" />
<pre><code>hi print hi
</code></pre>
</div>
</fieldset>
</form>
