<!doctype html>
<html lang="en">
  <head>
    <meta charset="utf-8" />
    <title>Shape Exercise</title>
    <meta name="viewport" content="width=device-width, initial-scale=1" />
    <link rel="icon" href="data:image/svg+xml,<svg xmlns='http://www.w3.org/2000/svg' viewBox='0 0 100 100'><text y='.9em' font-size='90'>‚ö°Ô∏è</text></svg>" />
    <style>
      body {
        padding: 8px 32px;
        margin: 0;
      }
      fieldset {
        display: grid;
        grid-template: repeat(2, min-content) / repeat(2, min-content);
        grid-auto-flow: column;
        column-gap: 32px;
        row-gap: 8px;
        border: none;
      }
      pre {
        border: 1px solid silver;
        padding: 8px 12px;
        border-radius: 2px;
        background: whitesmoke;
        width: fit-content;
      }
      fieldset > div {
        display: flex;
        align-items: start;
        gap: 8px;
        border: 1px solid silver;
        border-radius: 6px;
        padding: 8px;
        background: whitesmoke;
      }
      fieldset pre {
        margin: 0;
        padding: 4px 12px;
        align-self: center;
        background: white;
        border: 1px solid silver;
      }
      form {
        padding-bottom: 32px;
      }
      form svg {
        width: 200px;
        height: 200px;
        border: 1px solid silver;
      }
      form.difficulty-easy:after {
        content: "Difficulty: üå∂Ô∏è";
      }
      form.difficulty-medium:after {
        content: "Difficulty: üå∂Ô∏èüå∂Ô∏è";
      }
      form.difficulty-hard:after {
        content: "Difficulty: üå∂Ô∏èüå∂Ô∏èüå∂Ô∏è";
      }
      form:not(:first-child) {
        border-top: 1px solid silver;
      }
      table {
        border-collapse: collapse;
        margin-bottom: 24px;
      }
      td {
        border: 1px solid silver;
        padding: 4px 8px;
      }
    </style>
  </head>
  <body>
    <h1>Shape Exercise</h1>
<p>Intro to drawing shapes</p>
<h3>Question Composition</h3>
<table>
<tr><td >easy üå∂Ô∏è</td><td>2</td></tr>
<tr><td >medium üå∂Ô∏èüå∂Ô∏è</td><td>2</td></tr>
</table>
<form id=q-circle1 class="difficulty-easy">
<h2>Understanding sequence: <code>move</code>,<code>circle</code> commands</h2>
<p>Which program generates the following output?</p>
<svg stroke="black" stroke-linecap="round" font-size="60" viewBox="0 0 1000 1000" xmlns="http://www.w3.org/2000/svg">
  <g>
    <rect fill="white" stroke="white" x="0" y="0" width="100%" height="100%"></rect>
    <circle cx="800" cy="800" r="100"></circle>
  </g>
</svg>
<p>Choose one correct answer:</p>
<fieldset>
<div>
<label for="a">a</label>
<input type="radio" value="a" name="answer" />
<pre><code class="language-evy">move 20 20
circle 10
</code></pre>
</div>
<div>
<label for="b">b</label>
<input type="radio" value="b" name="answer" />
<pre><code class="language-evy">move 20 80
circle 10
</code></pre>
</div>
<div>
<label for="c">c</label>
<input type="radio" value="c" name="answer" checked />
<pre><code class="language-evy">move 80 20
circle 10
</code></pre>
</div>
<div>
<label for="d">d</label>
<input type="radio" value="d" name="answer" />
<pre><code class="language-evy">move 80 80
circle 10
</code></pre>
</div>
</fieldset>
</form>
<form id=q-circle2 class="difficulty-easy">
<h2>Understanding sequence: <code>move</code>,<code>circle</code> commands</h2>
<p>Which program generates the following output?</p>
<pre><code class="language-evy">move 20 80
circle 10
</code></pre>
<p>Choose one correct answer:</p>
<fieldset>
<div>
<label for="a">a</label>
<input type="radio" value="a" name="answer" />
<svg stroke="black" stroke-linecap="round" font-size="60" viewBox="0 0 1000 1000" xmlns="http://www.w3.org/2000/svg">
  <g>
    <rect fill="white" stroke="white" x="0" y="0" width="100%" height="100%"></rect>
    <circle cx="200" cy="800" r="100"></circle>
  </g>
</svg>
</div>
<div>
<label for="b">b</label>
<input type="radio" value="b" name="answer" checked />
<svg stroke="black" stroke-linecap="round" font-size="60" viewBox="0 0 1000 1000" xmlns="http://www.w3.org/2000/svg">
  <g>
    <rect fill="white" stroke="white" x="0" y="0" width="100%" height="100%"></rect>
    <circle cx="200" cy="200" r="100"></circle>
  </g>
</svg>
</div>
<div>
<label for="c">c</label>
<input type="radio" value="c" name="answer" />
<svg stroke="black" stroke-linecap="round" font-size="60" viewBox="0 0 1000 1000" xmlns="http://www.w3.org/2000/svg">
  <g>
    <rect fill="white" stroke="white" x="0" y="0" width="100%" height="100%"></rect>
    <circle cx="800" cy="800" r="100"></circle>
  </g>
</svg>
</div>
<div>
<label for="d">d</label>
<input type="radio" value="d" name="answer" />
<svg stroke="black" stroke-linecap="round" font-size="60" viewBox="0 0 1000 1000" xmlns="http://www.w3.org/2000/svg">
  <g>
    <rect fill="white" stroke="white" x="0" y="0" width="100%" height="100%"></rect>
    <circle cx="800" cy="200" r="100"></circle>
  </g>
</svg>
</div>
</fieldset>
</form>
<form id=q-circle3 class="difficulty-easy">
<h2>Understanding sequence: <code>move</code>,<code>circle</code> commands</h2>
<p>Which program generates the following output?</p>
<pre><code class="language-evy">move 80 80
circle 10
</code></pre>
<p>Choose one correct answer:</p>
<fieldset>
<div>
<label for="a">a</label>
<input type="radio" value="a" name="answer" />
<svg stroke="black" stroke-linecap="round" font-size="60" viewBox="0 0 1000 1000" xmlns="http://www.w3.org/2000/svg">
  <g>
    <rect fill="white" stroke="white" x="0" y="0" width="100%" height="100%"></rect>
    <circle cx="200" cy="800" r="100"></circle>
  </g>
</svg>
</div>
<div>
<label for="b">b</label>
<input type="radio" value="b" name="answer" />
<svg stroke="black" stroke-linecap="round" font-size="60" viewBox="0 0 1000 1000" xmlns="http://www.w3.org/2000/svg">
  <g>
    <rect fill="white" stroke="white" x="0" y="0" width="100%" height="100%"></rect>
    <circle cx="200" cy="200" r="100"></circle>
  </g>
</svg>
</div>
<div>
<label for="c">c</label>
<input type="radio" value="c" name="answer" />
<svg stroke="black" stroke-linecap="round" font-size="60" viewBox="0 0 1000 1000" xmlns="http://www.w3.org/2000/svg">
  <g>
    <rect fill="white" stroke="white" x="0" y="0" width="100%" height="100%"></rect>
    <circle cx="800" cy="800" r="100"></circle>
  </g>
</svg>
</div>
<div>
<label for="d">d</label>
<input type="radio" value="d" name="answer" checked />
<svg stroke="black" stroke-linecap="round" font-size="60" viewBox="0 0 1000 1000" xmlns="http://www.w3.org/2000/svg">
  <g>
    <rect fill="white" stroke="white" x="0" y="0" width="100%" height="100%"></rect>
    <circle cx="800" cy="200" r="100"></circle>
  </g>
</svg>
</div>
</fieldset>
</form>
<form id=q-circle4 class="difficulty-easy">
<h2>Understanding sequence: <code>move</code>,<code>circle</code> commands</h2>
<p>Which program generates the following output?</p>
<svg stroke="black" stroke-linecap="round" font-size="60" viewBox="0 0 1000 1000" xmlns="http://www.w3.org/2000/svg">
  <g>
    <rect fill="white" stroke="white" x="0" y="0" width="100%" height="100%"></rect>
    <circle cx="800" cy="200" r="100"></circle>
  </g>
</svg>
<p>Choose one correct answer:</p>
<fieldset>
<div>
<label for="a">a</label>
<input type="radio" value="a" name="answer" />
<pre><code class="language-evy">move 20 20
circle 10
</code></pre>
</div>
<div>
<label for="b">b</label>
<input type="radio" value="b" name="answer" />
<pre><code class="language-evy">move 20 80
circle 10
</code></pre>
</div>
<div>
<label for="c">c</label>
<input type="radio" value="c" name="answer" />
<pre><code class="language-evy">move 80 20
circle 10
</code></pre>
</div>
<div>
<label for="d">d</label>
<input type="radio" value="d" name="answer" checked />
<pre><code class="language-evy">move 80 80
circle 10
</code></pre>
</div>
</fieldset>
</form>
<form id=q-2circles3 class="difficulty-medium">
<h2>Understanding sequence: <code>move</code>,<code>circle</code> commands</h2>
<p>Which program generates the following output?</p>
<pre><code class="language-evy">move 80 20
circle 5

move 60 60
circle 10
</code></pre>
<p>Choose one correct answer:</p>
<fieldset>
<div>
<label for="a">a</label>
<input type="radio" value="a" name="answer" checked />
<svg stroke="black" stroke-linecap="round" font-size="60" viewBox="0 0 1000 1000" xmlns="http://www.w3.org/2000/svg">
  <g>
    <rect fill="white" stroke="white" x="0" y="0" width="100%" height="100%"></rect>
    <circle cx="800" cy="800" r="50"></circle>
    <circle cx="600" cy="400" r="100"></circle>
  </g>
</svg>
</div>
<div>
<label for="b">b</label>
<input type="radio" value="b" name="answer" />
<svg stroke="black" stroke-linecap="round" font-size="60" viewBox="0 0 1000 1000" xmlns="http://www.w3.org/2000/svg">
  <g>
    <rect fill="white" stroke="white" x="0" y="0" width="100%" height="100%"></rect>
    <circle cx="200" cy="800" r="100"></circle>
    <circle cx="400" cy="400" r="50"></circle>
  </g>
</svg>
</div>
<div>
<label for="c">c</label>
<input type="radio" value="c" name="answer" />
<svg stroke="black" stroke-linecap="round" font-size="60" viewBox="0 0 1000 1000" xmlns="http://www.w3.org/2000/svg">
  <g>
    <rect fill="white" stroke="white" x="0" y="0" width="100%" height="100%"></rect>
    <circle cx="800" cy="200" r="50"></circle>
    <circle cx="600" cy="600" r="100"></circle>
  </g>
</svg>
</div>
<div>
<label for="d">d</label>
<input type="radio" value="d" name="answer" />
<svg stroke="black" stroke-linecap="round" font-size="60" viewBox="0 0 1000 1000" xmlns="http://www.w3.org/2000/svg">
  <g>
    <rect fill="white" stroke="white" x="0" y="0" width="100%" height="100%"></rect>
    <circle cx="800" cy="200" r="100"></circle>
    <circle cx="400" cy="600" r="50"></circle>
  </g>
</svg>
</div>
</fieldset>
</form>
<form id=q-2circles4 class="difficulty-medium">
<h2>Understanding sequence: <code>move</code>,<code>circle</code> commands</h2>
<p>Which program generates the following output?</p>
<pre><code class="language-evy">move 80 80
circle 10

move 40 40
circle 5
</code></pre>
<p>Choose one correct answer:</p>
<fieldset>
<div>
<label for="a">a</label>
<input type="radio" value="a" name="answer" />
<svg stroke="black" stroke-linecap="round" font-size="60" viewBox="0 0 1000 1000" xmlns="http://www.w3.org/2000/svg">
  <g>
    <rect fill="white" stroke="white" x="0" y="0" width="100%" height="100%"></rect>
    <circle cx="800" cy="800" r="50"></circle>
    <circle cx="600" cy="400" r="100"></circle>
  </g>
</svg>
</div>
<div>
<label for="b">b</label>
<input type="radio" value="b" name="answer" />
<svg stroke="black" stroke-linecap="round" font-size="60" viewBox="0 0 1000 1000" xmlns="http://www.w3.org/2000/svg">
  <g>
    <rect fill="white" stroke="white" x="0" y="0" width="100%" height="100%"></rect>
    <circle cx="200" cy="800" r="100"></circle>
    <circle cx="400" cy="400" r="50"></circle>
  </g>
</svg>
</div>
<div>
<label for="c">c</label>
<input type="radio" value="c" name="answer" />
<svg stroke="black" stroke-linecap="round" font-size="60" viewBox="0 0 1000 1000" xmlns="http://www.w3.org/2000/svg">
  <g>
    <rect fill="white" stroke="white" x="0" y="0" width="100%" height="100%"></rect>
    <circle cx="800" cy="200" r="50"></circle>
    <circle cx="600" cy="600" r="100"></circle>
  </g>
</svg>
</div>
<div>
<label for="d">d</label>
<input type="radio" value="d" name="answer" checked />
<svg stroke="black" stroke-linecap="round" font-size="60" viewBox="0 0 1000 1000" xmlns="http://www.w3.org/2000/svg">
  <g>
    <rect fill="white" stroke="white" x="0" y="0" width="100%" height="100%"></rect>
    <circle cx="800" cy="200" r="100"></circle>
    <circle cx="400" cy="600" r="50"></circle>
  </g>
</svg>
</div>
</fieldset>
</form>
<form id=q-2circles1 class="difficulty-hard">
<h2>Understanding sequence: <code>move</code>,<code>circle</code> commands</h2>
<p>Which program generates the following output?</p>
<svg stroke="black" stroke-linecap="round" font-size="60" viewBox="0 0 1000 1000" xmlns="http://www.w3.org/2000/svg">
  <g>
    <rect fill="white" stroke="white" x="0" y="0" width="100%" height="100%"></rect>
    <circle cx="800" cy="200" r="50"></circle>
    <circle cx="600" cy="600" r="100"></circle>
  </g>
</svg>
<p>Choose one correct answer:</p>
<fieldset>
<div>
<label for="a">a</label>
<input type="radio" value="a" name="answer" />
<pre><code class="language-evy">move 80 20
circle 5

move 60 60
circle 10
</code></pre>
</div>
<div>
<label for="b">b</label>
<input type="radio" value="b" name="answer" />
<pre><code class="language-evy">move 20 20
circle 10

move 40 60
circle 5
</code></pre>
</div>
<div>
<label for="c">c</label>
<input type="radio" value="c" name="answer" checked />
<pre><code class="language-evy">move 80 80
circle 5

move 60 40
circle 10
</code></pre>
</div>
<div>
<label for="d">d</label>
<input type="radio" value="d" name="answer" />
<pre><code class="language-evy">move 80 80
circle 10

move 40 40
circle 5
</code></pre>
</div>
</fieldset>
</form>
<form id=q-2circles2 class="difficulty-hard">
<h2>Understanding sequence: <code>move</code>,<code>circle</code> commands</h2>
<p>Which program generates the following output?</p>
<svg stroke="black" stroke-linecap="round" font-size="60" viewBox="0 0 1000 1000" xmlns="http://www.w3.org/2000/svg">
  <g>
    <rect fill="white" stroke="white" x="0" y="0" width="100%" height="100%"></rect>
    <circle cx="200" cy="800" r="100"></circle>
    <circle cx="400" cy="400" r="50"></circle>
  </g>
</svg>
<p>Choose one correct answer:</p>
<fieldset>
<div>
<label for="a">a</label>
<input type="radio" value="a" name="answer" />
<pre><code class="language-evy">move 80 20
circle 5

move 60 60
circle 10
</code></pre>
</div>
<div>
<label for="b">b</label>
<input type="radio" value="b" name="answer" checked />
<pre><code class="language-evy">move 20 20
circle 10

move 40 60
circle 5
</code></pre>
</div>
<div>
<label for="c">c</label>
<input type="radio" value="c" name="answer" />
<pre><code class="language-evy">move 80 80
circle 5

move 60 40
circle 10
</code></pre>
</div>
<div>
<label for="d">d</label>
<input type="radio" value="d" name="answer" />
<pre><code class="language-evy">move 80 80
circle 10

move 40 40
circle 5
</code></pre>
</div>
</fieldset>
</form>

  </body>
</html>
